// Jest Snapshot v1, https://goo.gl/fbAQLP

exports[`renders correctly 1`] = `
<div>
  Sort by:
  <button
    className="sc-bwzfXH CKSnV"
    onClick={undefined}
    value="title"
  >
    Title
  </button>
  <button
    className="sc-bwzfXH CKSnV"
    onClick={undefined}
    value="author"
  >
    Author
  </button>
  <button
    className="sc-bwzfXH CKSnV"
    onClick={undefined}
    value="points"
  >
    Points
  </button>
</div>
`;
