// Jest Snapshot v1, https://goo.gl/fbAQLP

exports[`renders correctly 1`] = `
<div>
  <div
    className="sc-bdVaJa fNLcSE"
  >
    <div>
      <div
        className="sc-bwzfXH wTuGn"
      >
        <a
          href="google.com"
        >
          The quick brown
        </a>
      </div>
      <div
        className="sc-htpNat cmYzTD"
      >
        <div>
          author: 
          mark
        </div>
        <div>
          |
        </div>
        <div>
          points: 
          100
        </div>
      </div>
    </div>
    <div>
      <button
        className="sc-bxivhb fdMNis"
        onClick={[Function]}
        value={0}
      >
        Dismiss
      </button>
    </div>
  </div>
</div>
`;
