// Jest Snapshot v1, https://goo.gl/fbAQLP

exports[`it renders correctly 1`] = `
<div
  className="sc-bdVaJa fNLcSE"
>
  <div>
    <div
      className="sc-bwzfXH wTuGn"
    >
      <a
        href={undefined}
      />
    </div>
    <div
      className="sc-htpNat cmYzTD"
    >
      <div>
        author: 
      </div>
      <div>
        |
      </div>
      <div>
        points: 
      </div>
    </div>
  </div>
  <div>
    <button
      className="sc-bxivhb fdMNis"
      onClick={undefined}
      value={undefined}
    >
      Dismiss
    </button>
  </div>
</div>
`;
