// Jest Snapshot v1, https://goo.gl/fbAQLP

exports[`render correctly 1`] = `
<div>
  <form>
    <input
      className="sc-bdVaJa kSylSs"
      placeholder="Search..."
    />
    <button
      className="sc-bwzfXH iqmKiI"
    >
      Search
    </button>
  </form>
  <div>
    Sort by:
    <button
      className="sc-htpNat cbRGsw"
      onClick={undefined}
      value="title"
    >
      Title
    </button>
    <button
      className="sc-htpNat cbRGsw"
      onClick={undefined}
      value="author"
    >
      Author
    </button>
    <button
      className="sc-htpNat cbRGsw"
      onClick={undefined}
      value="points"
    >
      Points
    </button>
  </div>
  <div>
    <div
      className="sc-bxivhb iqoaoS"
    >
      <div>
        <div
          className="sc-ifAKCX gVSDxP"
        >
          <a
            href="google.com"
          >
            The quick brown
          </a>
        </div>
        <div
          className="sc-EHOje ecXprK"
        >
          <div>
            author: 
            mark
          </div>
          <div>
            |
          </div>
          <div>
            points: 
            100
          </div>
        </div>
      </div>
      <div>
        <button
          className="sc-bwzfXH iqmKiI"
          onClick={[Function]}
          value={0}
        >
          Dismiss
        </button>
      </div>
    </div>
  </div>
</div>
`;
